\BOOKMARK [1][-]{section.1}{\376\377\150\070\137\303\123\237\164\006\116\016\173\227\154\325\213\276\213\241}{}% 1
\BOOKMARK [2][-]{subsection.1.1}{\376\377\000R\000e\000A\000c\000t\000\040\203\003\137\017\166\204\164\006\213\272\127\372\170\100}{section.1}% 2
\BOOKMARK [2][-]{subsection.1.2}{\376\377\000S\000y\000s\000t\000e\000m\000\040\000P\000r\000o\000m\000p\000t\000\040\213\276\213\241}{section.1}% 3
\BOOKMARK [2][-]{subsection.1.3}{\376\377\131\032\000\040\000A\000g\000e\000n\000t\000\040\000P\000r\000o\000m\000p\000t\000\040\213\276\213\241}{section.1}% 4
\BOOKMARK [2][-]{subsection.1.4}{\376\377\000A\000g\000e\000n\000t\000\040\121\263\173\126\225\355\163\257\155\101\172\013\126\376}{section.1}% 5
\BOOKMARK [1][-]{section.2}{\376\377\135\345\172\013\133\236\163\260\176\306\202\202}{}% 6
\BOOKMARK [2][-]{subsection.2.1}{\376\377\145\164\117\123\147\266\147\204}{section.2}% 7
\BOOKMARK [2][-]{subsection.2.2}{\376\377\150\070\137\303\152\041\127\127\213\364\146\016}{section.2}% 8
\BOOKMARK [3][-]{subsubsection.2.2.1}{\376\377\000\050\0001\000\051\000\040\135\345\121\167\154\350\121\214\210\150\000\040\040\024\040\024\000\040\000T\000o\000o\000l\000R\000e\000g\000i\000s\000t\000r\000y}{subsection.2.2}% 9
\BOOKMARK [3][-]{subsubsection.2.2.2}{\376\377\000\050\0002\000\051\000\040\215\357\137\204\133\211\121\150\134\102\000\040\040\024\040\024\000\040\000p\000a\000t\000h\000-\000s\000a\000f\000e\000t\000y\000.\000t\000s}{subsection.2.2}% 10
\BOOKMARK [3][-]{subsubsection.2.2.3}{\376\377\000\050\0003\000\051\000\040\000R\000u\000n\000n\000e\000r\000\040\116\011\134\102\133\236\163\260}{subsection.2.2}% 11
\BOOKMARK [3][-]{subsubsection.2.2.4}{\376\377\000\050\0004\000\051\000\040\166\176\136\246\166\176\171\321\144\034\175\042\116\016\152\041\174\312\123\071\221\115}{subsection.2.2}% 12
\BOOKMARK [3][-]{subsubsection.2.2.5}{\376\377\000\050\0005\000\051\000\040\131\032\000\040\000A\000g\000e\000n\000t\000\040\177\026\143\222\126\150}{subsection.2.2}% 13
\BOOKMARK [2][-]{subsection.2.3}{\376\377\121\163\225\056\145\160\143\156\131\004\164\006}{section.2}% 14
\BOOKMARK [1][-]{section.3}{\376\377\133\236\232\214\176\323\147\234\116\016\122\006\147\220}{}% 15
\BOOKMARK [2][-]{subsection.3.1}{\376\377\133\236\232\214\163\257\130\203}{section.3}% 16
\BOOKMARK [2][-]{subsection.3.2}{\376\377\133\236\232\214\116\000\377\032\123\125\153\145\135\345\121\167\214\003\165\050\040\024\040\024\166\176\171\321\147\345\213\342\000\040\000+\000\040\213\241\173\227}{section.3}% 17
\BOOKMARK [2][-]{subsection.3.3}{\376\377\133\236\232\214\116\214\377\032\144\034\175\042\135\345\121\167\133\271\225\031\147\072\122\066\155\113\213\325}{section.3}% 18
\BOOKMARK [2][-]{subsection.3.4}{\376\377\133\236\232\214\116\011\377\032\131\032\000\040\000A\000g\000e\000n\000t\000\040\123\117\117\134\152\041\137\017\232\214\213\301}{section.3}% 19
\BOOKMARK [1][-]{section.4}{\376\377\217\333\226\066\122\237\200\375\133\236\163\260}{}% 20
\BOOKMARK [2][-]{subsection.4.1}{\376\377\000S\000k\000i\000l\000l\000s\000\040\142\200\200\375\174\373\176\337}{section.4}% 21
\BOOKMARK [2][-]{subsection.4.2}{\376\377\000M\000C\000P\000\040\123\117\213\256\142\151\134\125}{section.4}% 22
\BOOKMARK [2][-]{subsection.4.3}{\376\377\162\354\172\313\123\357\142\147\210\114\145\207\116\366\123\321\136\003}{section.4}% 23
\BOOKMARK [1][-]{section.5}{\376\377\140\073\176\323\116\016\134\125\147\033}{}% 24
